{
  "window_keys": [
    "5ffbd4a3",
    "53a546c3",
    "1f074394"
  ],
  "verified_cipher_bytes": 621,
  "derived_start": 60739,
  "derived_bytes": 681,
  "patterns": 84,
  "candidate_pages": [
    {
      "layer": "mega",
      "memory": "0x1d6f040",
      "logical": 57324,
      "file": "alt_candidate_mega_1d6f040_dfec.bin"
    }
  ],
  "verified_partial": {
    "plain_offset": 681,
    "size": 4717,
    "original_tail_overlap_verified": 1302,
    "keys_at_681": [
      "7e644859",
      "845c6b3a",
      "6a1087cc"
    ],
    "full_crc_verified": false
  }
}
