---------------------------------------------------------------------------------------------------
Date: 9/25/2026 -- 07:05:57 (uptime: 0d, 00h 00m 01s)
---------------------------------------------------------------------------------------------------
Counter                                                      | TM Name                   | Value
---------------------------------------------------------------------------------------------------
decoder.pkts                                                 | Total                     | 740595
decoder.bytes                                                | Total                     | 978270136
decoder.ipv4                                                 | Total                     | 740468
decoder.ipv6                                                 | Total                     | 23
decoder.ethernet                                             | Total                     | 740595
decoder.arp                                                  | Total                     | 104
decoder.tcp                                                  | Total                     | 736330
tcp.syn                                                      | Total                     | 101
tcp.synack                                                   | Total                     | 99
tcp.rst                                                      | Total                     | 58
decoder.udp                                                  | Total                     | 4073
decoder.icmpv4                                               | Total                     | 83
decoder.icmpv6                                               | Total                     | 5
decoder.avg_pkt_size                                         | Total                     | 1320
decoder.max_pkt_size                                         | Total                     | 1514
flow.total                                                   | Total                     | 436
flow.tcp                                                     | Total                     | 125
flow.udp                                                     | Total                     | 307
flow.icmpv6                                                  | Total                     | 4
flow.wrk.spare_sync_avg                                      | Total                     | 100
flow.wrk.spare_sync                                          | Total                     | 5
flow.wrk.flows_evicted_needs_work                            | Total                     | 51
flow.wrk.flows_evicted_pkt_inject                            | Total                     | 102
flow.wrk.flows_evicted                                       | Total                     | 37
flow.wrk.flows_injected                                      | Total                     | 51
flow.wrk.flows_injected_max                                  | Total                     | 4
tcp.sessions                                                 | Total                     | 101
tcp.ssn_from_cache                                           | Total                     | 13
tcp.ssn_from_pool                                            | Total                     | 88
tcp.segment_from_cache                                       | Total                     | 637813
tcp.segment_from_pool                                        | Total                     | 2954
tcp.overlap                                                  | Total                     | 1
app_layer.flow.http                                          | Total                     | 7
app_layer.tx.http                                            | Total                     | 488
app_layer.flow.tls                                           | Total                     | 87
app_layer.flow.ntp                                           | Total                     | 15
app_layer.flow.quic                                          | Total                     | 34
app_layer.flow.mdns                                          | Total                     | 13
app_layer.flow.failed_udp                                    | Total                     | 10
app_layer.flow.dns_udp                                       | Total                     | 235
app_layer.tx.dns_udp                                         | Total                     | 482
app_layer.tx.ntp                                             | Total                     | 29
app_layer.tx.quic                                            | Total                     | 91
app_layer.tx.mdns                                            | Total                     | 36
flow.end.state.new                                           | Total                     | 55
flow.end.state.established                                   | Total                     | 292
flow.end.state.closed                                        | Total                     | 89
flow.end.tcp_state.syn_sent                                  | Total                     | 2
flow.end.tcp_state.established                               | Total                     | 9
flow.end.tcp_state.fin_wait2                                 | Total                     | 1
flow.end.tcp_state.closed                                    | Total                     | 89
flow.mgr.full_hash_pass                                      | Total                     | 10
flow.mgr.rows_per_sec                                        | Total                     | 6553
flow.spare                                                   | Total                     | 9767
flow.mgr.rows_maxlen                                         | Total                     | 1
flow.mgr.flows_checked                                       | Total                     | 746
flow.mgr.flows_notimeout                                     | Total                     | 451
flow.mgr.flows_timeout                                       | Total                     | 295
flow.mgr.flows_evicted                                       | Total                     | 295
flow.mgr.flows_evicted_needs_work                            | Total                     | 27
memcap.pressure                                              | Total                     | 5
memcap.pressure_max                                          | Total                     | 5
defrag.memuse                                                | Total                     | 33554432
flow.recycler.recycled                                       | Total                     | 375
flow.recycler.queue_max                                      | Total                     | 82
tcp.memuse                                                   | Total                     | 622592
tcp.reassembly_memuse                                        | Total                     | 114688
http.byterange.memuse                                        | Total                     | 168384
http.byterange.memcap                                        | Total                     | 104857600
ippair.memuse                                                | Total                     | 398144
ippair.memcap                                                | Total                     | 16777216
host.memuse                                                  | Total                     | 382144
host.memcap                                                  | Total                     | 33554432
flow.memuse                                                  | Total                     | 7154304
