[+] length=142 features=142 chains=230 union=3244
    calibrated 1/230
    calibrated 50/230
    calibrated 100/230
    calibrated 150/230
    calibrated 200/230
    calibrated 230/230
[*] relative-exact broad phase: 5717 queries
[+] parallel remote connections: 2
    remote oracle: 256 queries in 25.15s
    remote oracle: 256 queries in 26.16s
    progress: 512/5717 (  9.0%) | 19.6 q/s | ETA 266.0s
    remote oracle: 256 queries in 18.03s
    remote oracle: 256 queries in 18.85s
    progress: 1024/5717 ( 17.9%) | 22.7 q/s | ETA 206.3s
    remote oracle: 256 queries in 18.22s
    remote oracle: 256 queries in 18.48s
    progress: 1536/5717 ( 26.9%) | 24.2 q/s | ETA 172.8s
    remote oracle: 256 queries in 19.51s
    remote oracle: 256 queries in 20.75s
    progress: 2048/5717 ( 35.8%) | 24.3 q/s | ETA 150.9s
    remote oracle: 256 queries in 15.76s
    remote oracle: 256 queries in 16.80s
    progress: 2560/5717 ( 44.8%) | 25.3 q/s | ETA 124.6s
    remote oracle: 256 queries in 16.07s
    remote oracle: 256 queries in 16.07s
    progress: 3072/5717 ( 53.7%) | 26.2 q/s | ETA 100.8s
    remote oracle: 256 queries in 18.95s
    remote oracle: 256 queries in 19.35s
    progress: 3584/5717 ( 62.7%) | 26.3 q/s | ETA 81.2s
    remote oracle: 256 queries in 18.70s
