[+] length=142 features=142 chains=230 union=3244
    calibrated 1/230
    calibrated 50/230
    calibrated 100/230
    calibrated 150/230
    calibrated 200/230
    calibrated 230/230
[*] relative-exact broad phase: 5717 queries
[+] parallel remote connections: 2
    remote oracle: 256 queries in 16.30s
    remote oracle: 256 queries in 17.36s
    progress: 512/5717 (  9.0%) | 29.5 q/s | ETA 176.5s
    remote oracle: 256 queries in 15.97s
    remote oracle: 256 queries in 17.00s
    progress: 1024/5717 ( 17.9%) | 29.8 q/s | ETA 157.5s
    remote oracle: 256 queries in 36.56s
    remote oracle: 256 queries in 38.85s
    progress: 1536/5717 ( 26.9%) | 21.0 q/s | ETA 199.3s
    remote oracle: 256 queries in 19.89s
    remote oracle: 256 queries in 20.03s
    progress: 2048/5717 ( 35.8%) | 22.0 q/s | ETA 167.0s
    remote oracle: 256 queries in 17.00s
    remote oracle: 256 queries in 17.00s
    progress: 2560/5717 ( 44.8%) | 23.2 q/s | ETA 135.9s
    remote oracle: 256 queries in 16.08s
    remote oracle: 256 queries in 16.56s
    progress: 3072/5717 ( 53.7%) | 24.2 q/s | ETA 109.2s
    remote oracle: 256 queries in 18.56s
    remote oracle: 256 queries in 18.56s
    progress: 3584/5717 ( 62.7%) | 24.7 q/s | ETA 86.5s
    remote oracle: 256 queries in 18.76s
    remote oracle: 256 queries in 18.82s
    progress: 4096/5717 ( 71.6%) | 24.9 q/s | ETA 65.0s
