[+] length=142 features=142 chains=230 union=3244
    calibrated 1/230
    calibrated 50/230
    calibrated 100/230
    calibrated 150/230
    calibrated 200/230
    calibrated 230/230
[*] relative-exact broad phase: 5717 queries
[!] conn 1 attempt 1/5 failed: EOFError: remote closed before the first prompt
[!] conn 1 attempt 2/5 failed: EOFError: remote closed before the first prompt
[!] conn 1 attempt 3/5 failed: EOFError: remote closed before the first prompt
[!] conn 1 attempt 4/5 failed: EOFError: remote closed before the first prompt
[!] conn 1 attempt 5/5 failed: EOFError: remote closed before the first prompt
Traceback (most recent call last):
  File "/home/light/Workspace/CTF/jailCTF/just-another-injection-challenge/solve_remote_relative_exact.py", line 188, in <module>
    if __name__=='__main__': main()
                             ~~~~^^
  File "/home/light/Workspace/CTF/jailCTF/just-another-injection-challenge/solve_remote_relative_exact.py", line 187, in main
    raise SystemExit(run(ap.parse_args()))
                     ~~~^^^^^^^^^^^^^^^^^
  File "/home/light/Workspace/CTF/jailCTF/just-another-injection-challenge/solve_remote_relative_exact.py", line 164, in run
    else: oracle=ParallelRemoteOracle(args.host,args.port,args.timeout,args.conns)
                 ~~~~~~~~~~~~~~~~~~~~^^^^^^^^^^^^^^^^^^^^^^^^^^^^^^^^^^^^^^^^^^^^^
  File "/home/light/Workspace/CTF/jailCTF/just-another-injection-challenge/solve_remote_relative_exact.py", line 26, in __init__
    else: raise last
          ^^^^^^^^^^
  File "/home/light/Workspace/CTF/jailCTF/just-another-injection-challenge/solve_remote_relative_exact.py", line 23, in __init__
    self.oracles.append(base.RemoteOracle(host,port,timeout)); break
                        ~~~~~~~~~~~~~~~~~^^^^^^^^^^^^^^^^^^^
  File "/home/light/Workspace/CTF/jailCTF/just-another-injection-challenge/solve_checked.py", line 272, in __init__
    self._consume_initial_prompt()
    ~~~~~~~~~~~~~~~~~~~~~~~~~~~~^^
  File "/home/light/Workspace/CTF/jailCTF/just-another-injection-challenge/solve_checked.py", line 278, in _consume_initial_prompt
    raise EOFError("remote closed before the first prompt")
EOFError: remote closed before the first prompt
