[+] length=142 features=142 chains=230 union=3244
    calibrated 1/230
    calibrated 50/230
    calibrated 100/230
    calibrated 150/230
    calibrated 200/230
    calibrated 230/230
[*] relative-exact broad phase: 5717 queries
[+] parallel remote connections: 2
    remote oracle: 256 queries in 16.11s
    remote oracle: 256 queries in 16.16s
    progress: 512/5717 (  9.0%) | 31.7 q/s | ETA 164.3s
    remote oracle: 256 queries in 16.11s
    remote oracle: 256 queries in 16.11s
    progress: 1024/5717 ( 17.9%) | 31.7 q/s | ETA 147.9s
    remote oracle: 256 queries in 15.89s
    remote oracle: 256 queries in 16.79s
    progress: 1536/5717 ( 26.9%) | 31.3 q/s | ETA 133.6s
    remote oracle: 256 queries in 18.14s
    remote oracle: 256 queries in 19.15s
    progress: 2048/5717 ( 35.8%) | 30.0 q/s | ETA 122.2s
    remote oracle: 256 queries in 15.91s
    remote oracle: 256 queries in 15.96s
    progress: 2560/5717 ( 44.8%) | 30.4 q/s | ETA 103.8s
    remote oracle: 256 queries in 14.97s
    remote oracle: 256 queries in 16.09s
    progress: 3072/5717 ( 53.7%) | 30.6 q/s | ETA 86.3s
    remote oracle: 256 queries in 16.73s
    remote oracle: 256 queries in 18.94s
    progress: 3584/5717 ( 62.7%) | 30.1 q/s | ETA 70.9s
    remote oracle: 256 queries in 18.94s
    remote oracle: 256 queries in 20.96s
    progress: 4096/5717 ( 71.6%) | 29.2 q/s | ETA 55.5s
    remote oracle: 256 queries in 20.82s
    remote oracle: 256 queries in 23.09s
    progress: 4608/5717 ( 80.6%) | 28.2 q/s | ETA 39.3s
    remote oracle: 256 queries in 26.09s
    remote oracle: 256 queries in 28.96s
    progress: 5120/5717 ( 89.6%) | 26.6 q/s | ETA 22.4s
Traceback (most recent call last):
  File "/home/light/Workspace/CTF/jailCTF/just-another-injection-challenge/solve_remote_relative_exact.py", line 188, in <module>
    if __name__=='__main__': main()
                             ~~~~^^
  File "/home/light/Workspace/CTF/jailCTF/just-another-injection-challenge/solve_remote_relative_exact.py", line 187, in main
    raise SystemExit(run(ap.parse_args()))
                     ~~~^^^^^^^^^^^^^^^^^
  File "/home/light/Workspace/CTF/jailCTF/just-another-injection-challenge/solve_remote_relative_exact.py", line 166, in run
    answers=query_progress(oracle,exprs,args.batch)
  File "/home/light/Workspace/CTF/jailCTF/just-another-injection-challenge/solve_remote_relative_exact.py", line 106, in query_progress
    ans=oracle.query_batch(exprs[off:off+batch]); out.extend(ans)
  File "/home/light/Workspace/CTF/jailCTF/just-another-injection-challenge/solve_remote_relative_exact.py", line 36, in query_batch
    for k,a in zip(ids,fut.result()): out[k]=a
                       ~~~~~~~~~~^^
  File "/usr/lib/python3.13/concurrent/futures/_base.py", line 460, in result
    return self.__get_result()
           ~~~~~~~~~~~~~~~~~^^
  File "/usr/lib/python3.13/concurrent/futures/_base.py", line 402, in __get_result
    raise self._exception
  File "/usr/lib/python3.13/concurrent/futures/thread.py", line 59, in run
    result = self.fn(*self.args, **self.kwargs)
  File "/home/light/Workspace/CTF/jailCTF/just-another-injection-challenge/solve_checked.py", line 306, in query_batch
    raise EOFError(
    ...<2 lines>...
    )
EOFError: remote closed after 167/256 answers
