[+] jq version: jq-1.8.2
[+] solver version: 2026-07-27-v2-standalone-live
[+] connecting to challs.pyjail.club:20219 (connect timeout 15s)
[+] TCP connected; waiting for challenge prompt
[+] challenge prompt received
[+] loaded 225 locally validated singleton predicates from chains_225.json
[*] recovering flag length
    progress: 8/19 ( 42.1%) | 6.9 q/s | ETA 1.6s
    progress: 16/19 ( 84.2%) | 9.0 q/s | ETA 0.3s
    progress: 19/19 (100.0%) | 8.3 q/s | ETA 0.0s
    remote oracle: 19 queries in 2.29s
[+] length signature identity -> [103, 105, 107, 109, 110, 115, 119, 122, 127, 128]
    progress: 1/1 (100.0%) | 4.5 q/s | ETA 0.0s
    remote oracle: 1 queries in 0.22s
[+] length signature tostring|length -> [103, 105, 107, 109, 110, 115, 119, 122, 127, 128]
    progress: 6/6 (100.0%) | 11.0 q/s | ETA 0.0s
    remote oracle: 6 queries in 0.54s
[+] length signature tostring|explode|last -> [122]
[+] flag length = 122
[*] broad phase: 84 features, 2401 oracle queries
    progress: 8/2401 (  0.3%) | 17.0 q/s | ETA 140.7s
    progress: 16/2401 (  0.7%) | 11.5 q/s | ETA 208.2s
    progress: 24/2401 (  1.0%) | 12.2 q/s | ETA 194.4s
    progress: 32/2401 (  1.3%) | 13.1 q/s | ETA 180.8s
    progress: 40/2401 (  1.7%) | 12.9 q/s | ETA 183.2s
    progress: 48/2401 (  2.0%) | 13.3 q/s | ETA 176.5s
    progress: 56/2401 (  2.3%) | 13.3 q/s | ETA 176.6s
    progress: 64/2401 (  2.7%) | 13.5 q/s | ETA 172.6s
    progress: 72/2401 (  3.0%) | 13.5 q/s | ETA 172.8s
    progress: 80/2401 (  3.3%) | 13.4 q/s | ETA 172.8s
    progress: 88/2401 (  3.7%) | 13.5 q/s | ETA 171.4s
    progress: 96/2401 (  4.0%) | 13.6 q/s | ETA 170.1s
    progress: 104/2401 (  4.3%) | 13.6 q/s | ETA 168.8s
    progress: 112/2401 (  4.7%) | 13.7 q/s | ETA 167.0s
    progress: 120/2401 (  5.0%) | 13.3 q/s | ETA 171.6s
    progress: 128/2401 (  5.3%) | 13.3 q/s | ETA 170.5s
    progress: 136/2401 (  5.7%) | 13.4 q/s | ETA 169.1s
    progress: 144/2401 (  6.0%) | 13.4 q/s | ETA 169.0s
    progress: 152/2401 (  6.3%) | 13.4 q/s | ETA 168.4s
    progress: 160/2401 (  6.7%) | 13.4 q/s | ETA 167.3s
    progress: 168/2401 (  7.0%) | 13.5 q/s | ETA 165.6s
    progress: 176/2401 (  7.3%) | 13.6 q/s | ETA 164.1s
    progress: 184/2401 (  7.7%) | 13.7 q/s | ETA 162.0s
    progress: 192/2401 (  8.0%) | 13.7 q/s | ETA 161.0s
    progress: 200/2401 (  8.3%) | 13.6 q/s | ETA 161.3s
    progress: 208/2401 (  8.7%) | 13.6 q/s | ETA 160.8s
    progress: 216/2401 (  9.0%) | 13.3 q/s | ETA 163.7s
    progress: 224/2401 (  9.3%) | 13.4 q/s | ETA 162.4s
    progress: 232/2401 (  9.7%) | 13.5 q/s | ETA 160.7s
    progress: 240/2401 ( 10.0%) | 13.3 q/s | ETA 162.0s
    progress: 248/2401 ( 10.3%) | 13.4 q/s | ETA 160.3s
    progress: 256/2401 ( 10.7%) | 13.3 q/s | ETA 161.0s
    progress: 264/2401 ( 11.0%) | 13.1 q/s | ETA 163.4s
    progress: 272/2401 ( 11.3%) | 13.1 q/s | ETA 162.1s
    progress: 280/2401 ( 11.7%) | 13.2 q/s | ETA 161.1s
    progress: 288/2401 ( 12.0%) | 13.2 q/s | ETA 160.2s
    progress: 296/2401 ( 12.3%) | 13.2 q/s | ETA 158.9s
    progress: 304/2401 ( 12.7%) | 13.2 q/s | ETA 159.1s
    progress: 312/2401 ( 13.0%) | 13.2 q/s | ETA 158.8s
    progress: 320/2401 ( 13.3%) | 13.2 q/s | ETA 157.4s
    progress: 328/2401 ( 13.7%) | 13.3 q/s | ETA 156.0s
    progress: 336/2401 ( 14.0%) | 13.3 q/s | ETA 154.8s
    progress: 344/2401 ( 14.3%) | 13.2 q/s | ETA 156.3s
    progress: 352/2401 ( 14.7%) | 13.2 q/s | ETA 155.4s
    progress: 360/2401 ( 15.0%) | 13.2 q/s | ETA 154.2s
    progress: 368/2401 ( 15.3%) | 13.1 q/s | ETA 155.1s
    progress: 376/2401 ( 15.7%) | 13.2 q/s | ETA 153.7s
    progress: 384/2401 ( 16.0%) | 13.2 q/s | ETA 152.4s
    progress: 392/2401 ( 16.3%) | 13.3 q/s | ETA 151.5s
    progress: 400/2401 ( 16.7%) | 13.3 q/s | ETA 150.7s
    progress: 408/2401 ( 17.0%) | 13.3 q/s | ETA 149.9s
    progress: 416/2401 ( 17.3%) | 13.3 q/s | ETA 149.1s
    progress: 424/2401 ( 17.7%) | 13.3 q/s | ETA 149.1s
    progress: 432/2401 ( 18.0%) | 13.3 q/s | ETA 147.9s
    progress: 440/2401 ( 18.3%) | 13.3 q/s | ETA 147.0s
    progress: 448/2401 ( 18.7%) | 13.4 q/s | ETA 146.0s
    progress: 456/2401 ( 19.0%) | 13.4 q/s | ETA 145.3s
    progress: 464/2401 ( 19.3%) | 13.4 q/s | ETA 144.6s
    progress: 472/2401 ( 19.7%) | 13.4 q/s | ETA 144.0s
    progress: 480/2401 ( 20.0%) | 13.4 q/s | ETA 143.1s
    progress: 488/2401 ( 20.3%) | 13.5 q/s | ETA 142.2s
    progress: 496/2401 ( 20.7%) | 13.5 q/s | ETA 141.1s
    progress: 504/2401 ( 21.0%) | 13.5 q/s | ETA 140.4s
    progress: 512/2401 ( 21.3%) | 13.5 q/s | ETA 140.2s
    progress: 520/2401 ( 21.7%) | 13.5 q/s | ETA 139.5s
    progress: 528/2401 ( 22.0%) | 13.5 q/s | ETA 138.6s
    progress: 536/2401 ( 22.3%) | 13.5 q/s | ETA 138.0s
    progress: 544/2401 ( 22.7%) | 13.5 q/s | ETA 137.1s
    progress: 552/2401 ( 23.0%) | 13.5 q/s | ETA 137.3s
    progress: 560/2401 ( 23.3%) | 13.5 q/s | ETA 136.4s
    progress: 568/2401 ( 23.7%) | 13.5 q/s | ETA 135.4s
    progress: 576/2401 ( 24.0%) | 13.5 q/s | ETA 134.7s
    progress: 584/2401 ( 24.3%) | 13.6 q/s | ETA 133.8s
    progress: 592/2401 ( 24.7%) | 13.6 q/s | ETA 133.0s
    progress: 600/2401 ( 25.0%) | 13.6 q/s | ETA 132.1s
    progress: 608/2401 ( 25.3%) | 13.6 q/s | ETA 131.4s
    progress: 616/2401 ( 25.7%) | 13.7 q/s | ETA 130.6s
    progress: 624/2401 ( 26.0%) | 13.6 q/s | ETA 130.4s
    progress: 632/2401 ( 26.3%) | 13.6 q/s | ETA 129.8s
    progress: 640/2401 ( 26.7%) | 13.6 q/s | ETA 129.1s
    progress: 648/2401 ( 27.0%) | 13.7 q/s | ETA 128.3s
    progress: 656/2401 ( 27.3%) | 13.7 q/s | ETA 127.8s
    progress: 664/2401 ( 27.7%) | 13.7 q/s | ETA 126.9s
    progress: 672/2401 ( 28.0%) | 13.7 q/s | ETA 126.2s
    progress: 680/2401 ( 28.3%) | 13.7 q/s | ETA 125.4s
    progress: 688/2401 ( 28.7%) | 13.7 q/s | ETA 124.8s
    progress: 696/2401 ( 29.0%) | 13.7 q/s | ETA 124.1s
    progress: 704/2401 ( 29.3%) | 13.7 q/s | ETA 123.5s
    progress: 712/2401 ( 29.7%) | 13.7 q/s | ETA 123.3s
    progress: 720/2401 ( 30.0%) | 13.7 q/s | ETA 122.7s
    progress: 728/2401 ( 30.3%) | 13.7 q/s | ETA 121.9s
    progress: 736/2401 ( 30.7%) | 13.7 q/s | ETA 121.4s
    progress: 744/2401 ( 31.0%) | 13.7 q/s | ETA 120.8s
    progress: 752/2401 ( 31.3%) | 13.7 q/s | ETA 120.5s
    progress: 760/2401 ( 31.7%) | 13.7 q/s | ETA 119.7s
    progress: 768/2401 ( 32.0%) | 13.7 q/s | ETA 119.0s
    progress: 776/2401 ( 32.3%) | 13.7 q/s | ETA 118.4s
    progress: 784/2401 ( 32.7%) | 13.7 q/s | ETA 117.8s
    progress: 792/2401 ( 33.0%) | 13.7 q/s | ETA 117.1s
    progress: 800/2401 ( 33.3%) | 13.8 q/s | ETA 116.4s
    progress: 808/2401 ( 33.7%) | 13.6 q/s | ETA 116.8s
    progress: 816/2401 ( 34.0%) | 13.6 q/s | ETA 116.6s
    progress: 824/2401 ( 34.3%) | 13.6 q/s | ETA 116.0s
    progress: 832/2401 ( 34.7%) | 13.6 q/s | ETA 115.5s
    progress: 840/2401 ( 35.0%) | 13.6 q/s | ETA 114.7s
    progress: 848/2401 ( 35.3%) | 13.6 q/s | ETA 114.1s
    progress: 856/2401 ( 35.7%) | 13.6 q/s | ETA 113.4s
    progress: 864/2401 ( 36.0%) | 13.6 q/s | ETA 113.0s
    progress: 872/2401 ( 36.3%) | 13.6 q/s | ETA 112.4s
    progress: 880/2401 ( 36.7%) | 13.6 q/s | ETA 111.8s
    progress: 888/2401 ( 37.0%) | 13.6 q/s | ETA 111.2s
    progress: 896/2401 ( 37.3%) | 13.6 q/s | ETA 110.6s
    progress: 904/2401 ( 37.7%) | 13.6 q/s | ETA 109.8s
[+] solver exit code: 143
[+] Last 80 log lines:
