Breakpoint 1 at 0x7fee91522670 (2 locations)
Type commands for breakpoint(s) 1, one per line.
End with a line saying just "end".
Continuing.

Thread 1 "residuegate-har" received signal SIGINT, Interrupt.
syscall () at ../sysdeps/unix/sysv/linux/x86_64/syscall.S:38
38	in ../sysdeps/unix/sysv/linux/x86_64/syscall.S
LEGEND: STACK | HEAP | CODE | DATA | WX | RODATA
─────────────[ REGISTERS / show-flags off / show-compact-regs off ]─────────────
 RAX  0xfffffffffffffe00
 RBX  0x7fee914a4340 (__errno_location) ◂— mov rax, qword ptr [rip + 0x1bcaa1]
 RCX  0x7fee9158b109 (syscall+25) ◂— cmp rax, -0xfff
*RDX  0x1e
 RDI  0x5558e467d940 ◂— 0x1e
 RSI  0x89
 R8   0
 R9   0xffffffff
 R10  0
 R11  0x246
*R12  0x1e
 R13  0x7fee9158b0f0 (syscall) ◂— mov rax, rdi
 R14  0x5558e467d930 ◂— 1
 R15  0x5558e467d940 ◂— 0x1e
 RBP  0x7ffeea944da0 ◂— 0xfffffffffffffff8
 RSP  0x7ffeea944d68 —▸ 0x5558bee48576 ◂— test rax, rax
 RIP  0x7fee9158b109 (syscall+25) ◂— cmp rax, -0xfff
──────────────────────[ DISASM / x86-64 / set emulate on ]──────────────────────
 ► 0x7fee9158b109 <syscall+25>    cmp    rax, -0xfff     0xfffffffffffffe00 - -0xfff     EFLAGS => 0x216 [ cf PF AF zf sf IF df of iopl:00 ac ]
   0x7fee9158b10f <syscall+31>  ✔ jae    syscall+34                  <syscall+34>
    ↓
   0x7fee9158b112 <syscall+34>    mov    rcx, qword ptr [rip + 0xd5ccf]     RCX, [_GLOBAL_OFFSET_TABLE_+616] => 0xfffffffffffffe98
   0x7fee9158b119 <syscall+41>    neg    eax
   0x7fee9158b11b <syscall+43>    mov    dword ptr fs:[rcx], eax            [0x7fee91478b58] <= 0x200
   0x7fee9158b11e <syscall+46>    or     rax, 0xffffffffffffffff            RAX => 0xffffffffffffffff (0x200 | -0x1)
   0x7fee9158b122 <syscall+50>    ret                                <0x5558bee48576>
    ↓
   0x5558bee48576                 test   rax, rax                    0xffffffffffffffff & 0xffffffffffffffff     EFLAGS => 0x286 [ cf PF af zf SF IF df of iopl:00 ac ]
   0x5558bee48579               ✘ jns    0x5558bee48582              <0x5558bee48582>
 
   0x5558bee4857b                 call   rbx                         <__errno_location>
 
   0x5558bee4857d                 cmp    dword ptr [rax], 4
───────────────────────────────────[ STACK ]────────────────────────────────────
00:0000│ rsp 0x7ffeea944d68 —▸ 0x5558bee48576 ◂— test rax, rax
01:0008│-030 0x7ffeea944d70 ◂— 0xffffffff
02:0010│-028 0x7ffeea944d78 ◂— 0
03:0018│-020 0x7ffeea944d80 —▸ 0x5558e467d938 ◂— 0
04:0020│-018 0x7ffeea944d88 ◂— 6
05:0028│-010 0x7ffeea944d90 ◂— 6
06:0030│-008 0x7ffeea944d98 ◂— 0
07:0038│ rbp 0x7ffeea944da0 ◂— 0xfffffffffffffff8
─────────────────────────────────[ BACKTRACE ]──────────────────────────────────
 ► 0 0x7fee9158b109 syscall+25
   1 0x5558bee48576
   2 0x5558bdefdb2f
   3 0x5558bdeb0cb3
   4 0x5558bdf083c1
   5 0x7fee914a3fba __libc_start_call_main+122
   6 0x7fee914a40d7 __libc_start_main+135
   7 0x5558bdeaaaf5
─────────────────────────────[ THREADS (13 TOTAL) ]─────────────────────────────
  ► 1   "residuegate-har" stopped: 0x7fee9158b109 <syscall+25> 
    13   "tokio-rt-worker" stopped: 0x7fee9158b109 <syscall+25> 
    12   "tokio-rt-worker" stopped: 0x7fee9158b109 <syscall+25> 
    11   "tokio-rt-worker" stopped: 0x7fee9158b109 <syscall+25> 
Not showing 9 thread(s). Use set context-max-threads <number of threads> to change this.
────────────────────────────────[ LAST SIGNAL ]─────────────────────────────────
Program received signal SIGINT
────────────────────────────────────────────────────────────────────────────────
Note: breakpoint 1 also set at pc 0x7fee91814740.
Note: breakpoint 1 also set at pc 0x7fee91522670.
Breakpoint 2 at 0x7fee91522670 (2 locations)
Type commands for breakpoint(s) 2, one per line.
End with a line saying just "end".
Continuing.
[Inferior 1 (process 2484531) detached]
