[34m🌐 [Search] ignore...[0m

[36m🔧 [Tool Call: api_tool.list_resources][0m
[2m```json
{
  "raw": "{\"paths\":[\"br\",\"skills://plugins/superpowers/using-superpowers/skill"
}
```[0m
[36m📤 [Tool Result][0m
[2mFound 17 tools; listed in the follow-up message.[0m
[2m💭 [Thinking] Searched 26 websites[0m

[36m🔧 [Tool Call: host_workspace_bind][0m
[2m```json
{
  "label": "Chrono_I",
  "new": true,
  "path": "/br/link_6abdb915d8248191a1a75e79d0f1766f/host_workspace_bind"
}
```[0m
[36m📤 [Tool Result][0m
[2m```json
{
  "ok": true,
  "message": "Workspace ready at /home/light/Downloads/bqa-workspaces/cw-20261001-Chrono_I-25c6f87e",
  "chat_id": "cw-20261001-Chrono_I-25c6f87e",
  "session_id": "cw-20261001-Chrono_I-25c6f87e",
  "workspace": "/home/light/Downloads/bqa-workspaces/cw-20261001-Chrono_I-25c6f87e",
  "workspace_dir": "/home/light/Downloads/bqa-workspaces/cw-20261001-Chrono_I-25c6f87e",
  "created": true,
  "is_new": true,
  "recent_commands": [],
  "recent_notes": "",
  "workspace_files": [],
  "h
... [truncated 1391 bytes]
```[0m

[36m🔧 [Tool Call: host_list_directory][0m
[2m```json
{
  "path": "/home/light/Workspace/CTF/CSS_CTF_Semester_2_2026/Cryptography/Chrono_I",
  "max_entries": 200,
  "chat_id": "cw-20261001-Chrono_I-25c6f87e"
}
```[0m
[36m📤 [Tool Result][0m
[2m```json
{
  "ok": true,
  "path": "Workspace/CTF/CSS_CTF_Semester_2_2026/Cryptography/Chrono_I",
  "items": [
    {
      "name": "challenge",
      "path": "Workspace/CTF/CSS_CTF_Semester_2_2026/Cryptography/Chrono_I/challenge",
      "is_directory": true,
      "is_symlink": false,
      "size_bytes": 0,
      "modified_ns": 1790823780569472237
    },
    {
      "name": "script",
      "path": "Workspace/CTF/CSS_CTF_Semester_2_2026/Cryptography/Chrono_I/script",
      "is_directory": true,
      "is_
... [truncated 855 bytes]
```[0m

[36m🔧 [Tool Call: host_list_directory][0m
[2m```json
{
  "path": "/home/light/Workspace/CTF/CSS_CTF_Semester_2_2026/Cryptography/Chrono_I/challenge",
  "max_entries": 200,
  "chat_id": "cw-20261001-Chrono_I-25c6f87e"
}
```[0m
[36m📤 [Tool Result][0m
[2m```json
{
  "ok": true,
  "path": "Workspace/CTF/CSS_CTF_Semester_2_2026/Cryptography/Chrono_I/challenge",
  "items": [
    {
      "name": "NOTE.md",
      "path": "Workspace/CTF/CSS_CTF_Semester_2_2026/Cryptography/Chrono_I/challenge/NOTE.md",
      "is_directory": false,
      "is_symlink": false,
      "size_bytes": 1391,
      "modified_ns": 1790823780569472237
    },
    {
      "name": "README.md",
      "path": "Workspace/CTF/CSS_CTF_Semester_2_2026/Cryptography/Chrono_I/challenge/README.md",
  
... [truncated 153 bytes]
```[0m

[36m🔧 [Tool Call: host_read_file][0m
[2m```json
{
  "path": "/home/light/Workspace/CTF/CSS_CTF_Semester_2_2026/Cryptography/Chrono_I/challenge/README.md",
  "chat_id": "cw-20261001-Chrono_I-25c6f87e"
}
```[0m
[36m📤 [Tool Result][0m
[2m```json
{
  "ok": true,
  "path": "Workspace/CTF/CSS_CTF_Semester_2_2026/Cryptography/Chrono_I/challenge/README.md",
  "content": "# Chrono I\n\n| Property | Value |\n| :--- | :--- |\n| **Category** | `Cryptography` |\n| **Points** | `25` |\n| **Solves** | 443 |\n| **Tags** | `Beginner` |\n\n## 📝 Description\n\nWe have intercepted a message and a Ciphertext, please help us crack the Ciphertext!\r\n\r\nMessage:\r\n\r\n2026/09/21 14:35:07 - \"As always, The time is always the key to unlock it\"\r\n\r\nCip
... [truncated 443 bytes]
```[0m
[2m💭 [Thinking] Inspected Chrono_I workspace and challenge files[0m

[36m🔧 [Tool Call: python][0m
[2m```json
{
  "raw": "import string\nct=\"ESUITO{gwfvb_xejqnf_nimgt_b_whhrlv}\"\ndef vig(ct,key,dec=True):\n    out=\"\"; j=0\n    for c in ct:\n        if c.isalpha():\n            k=ord(key[j%len(key)].upper())-65\n            if dec:k=-k\n            base=65 if c.isupper() else 97\n            out+=chr((ord(c)-base+k)%26+base); j+=1\n        else: out+=c\n    return out\nfor key in [\"20260921143507\",\"20260921143507\".replace(\"0\",\"\"),\"143507\",\"2135\",\"20260921\",\"time\",\"14350720260921\"]:\
... [truncated 33 bytes]
```[0m
[36m📤 [Tool Result][0m
[2m20260921143507 TJJTKW{vmvip_jvtfeu_yzuvj_r_jvtivk}
22692114357 THFQIE{wjthl_mtuycv_dvasd_q_lspgbl}
143507 UFIUKY{wjths_huwezw_xyzuf_s_gxufxm}
2135 TIIUIE{uiulp_jtzezu_dwyvj_p_iwxfxk}
20260921 TJJTKW{vmumq_ivrfdu_exxxb_q_mwygwm}
time LKIEAG{usmnp_tlbejm_fwinl_p_sozfhc}
14350720260921 UFIUKY{vnugs_ftzgat_zzwvk_q_hypgbl}[0m
[2m💭 [Thinking] Decrypted timestamp-keyed Vigenère cipher[0m

[36m🔧 [Tool Call: host_list_directory][0m
[2m```json
{
  "path": "/home/light/Workspace/CTF/CSS_CTF_Semester_2_2026/Cryptography/Chrono_I/script",
  "max_entries": 50,
  "chat_id": "cw-20261001-Chrono_I-25c6f87e"
}
```[0m
[36m📤 [Tool Result][0m
[2m```json
{
  "ok": true,
  "path": "Workspace/CTF/CSS_CTF_Semester_2_2026/Cryptography/Chrono_I/script",
  "items": [
    {
      "name": "agy.log",
      "path": "Workspace/CTF/CSS_CTF_Semester_2_2026/Cryptography/Chrono_I/script/agy.log",
      "is_directory": false,
      "is_symlink": false,
      "size_bytes": 4794,
      "modified_ns": 1790827651584560677
    },
    {
      "name": "gpt.log",
      "path": "Workspace/CTF/CSS_CTF_Semester_2_2026/Cryptography/Chrono_I/script/gpt.log",
      "is_direc
... [truncated 698 bytes]
```[0m

[36m🔧 [Tool Call: host_read_file][0m
[2m```json
{
  "path": "/home/light/Workspace/CTF/CSS_CTF_Semester_2_2026/Cryptography/Chrono_I/script/unverified-candidate.txt",
  "chat_id": "cw-20261001-Chrono_I-25c6f87e"
}
```[0m
[36m📤 [Tool Result][0m
[2m```json
{
  "ok": true,
  "path": "Workspace/CTF/CSS_CTF_Semester_2_2026/Cryptography/Chrono_I/script/unverified-candidate.txt",
  "content": "CSSCTF{FUFTV_OCIOND_NZKFR_Z_WYFQJV}\n",
  "file_size_bytes": 36,
  "loaded_bytes": 36,
  "truncated": false,
  "start_line": 1,
  "end_line": 1,
  "loaded_line_count": 1
}
```[0m

[36m🔧 [Tool Call: host_read_file][0m
[2m```json
{
  "path": "/home/light/Workspace/CTF/CSS_CTF_Semester_2_2026/Cryptography/Chrono_I/script/gpt.log",
  "max_bytes": 10000,
  "chat_id": "cw-20261001-Chrono_I-25c6f87e"
}
```[0m
[36m📤 [Tool Result][0m
[2m```json
{
  "ok": true,
  "path": "Workspace/CTF/CSS_CTF_Semester_2_2026/Cryptography/Chrono_I/script/gpt.log",
  "content": "\u001b[34m🌐 [Search] ignore...\u001b[0m\n\n\u001b[36m🔧 [Tool Call: api_tool.list_resources]\u001b[0m\n\u001b[2m```json\n{\n  \"raw\": \"{\\\"paths\\\":[\\\"br\\\",\\\"skills://plugins/superpowers/using-superpowers/skill\"\n}\n```\u001b[0m\n\u001b[36m📤 [Tool Result]\u001b[0m\n\u001b[2mFound 17 tools; listed in the follow-up message.\u001b[0m\n\u001b[2m💭 [Thinking] Searched 26 webs
... [truncated 6783 bytes]
```[0m

[36m🔧 [Tool Call: host_read_file][0m
[2m```json
{
  "path": "/home/light/Workspace/CTF/CSS_CTF_Semester_2_2026/Cryptography/Chrono_I/challenge/NOTE.md",
  "chat_id": "cw-20261001-Chrono_I-25c6f87e"
}
```[0m
[36m📤 [Tool Result][0m
[2m```json
{
  "ok": true,
  "path": "Workspace/CTF/CSS_CTF_Semester_2_2026/Cryptography/Chrono_I/challenge/NOTE.md",
  "content": "# Workspace rules\n\n<!-- CTF-SOLVER-RULES:START -->\n## CTF solver workflow\n\n- Read `metadata.json` first, then `challenge/NOTE.md`.\n- If source provides a service, build its local server or harness in `script/`. If no source exists, do not invent a local server.\n- Put every probe, temporary parser, test harness, debug artifact and technical log in `script/`.\n- Document 
... [truncated 1179 bytes]
```[0m

[36m🔧 [Tool Call: host_read_file][0m
[2m```json
{
  "path": "/home/light/Workspace/CTF/CSS_CTF_Semester_2_2026/Cryptography/Chrono_I/metadata.json",
  "max_bytes": 20000,
  "chat_id": "cw-20261001-Chrono_I-25c6f87e"
}
```[0m
[36m📤 [Tool Result][0m
[2m```json
{
  "ok": true,
  "path": "Workspace/CTF/CSS_CTF_Semester_2_2026/Cryptography/Chrono_I/metadata.json",
  "content": "{\n  \"id\": 20,\n  \"name\": \"Chrono I\",\n  \"category\": \"Cryptography\",\n  \"points\": 25,\n  \"author\": null,\n  \"tags\": [\n    \"Beginner\"\n  ],\n  \"hints\": [],\n  \"connection_info\": null,\n  \"instance\": \"\",\n  \"instance_status\": \"none\",\n  \"instance_note\": \"\",\n  \"solved_by_me\": false,\n  \"solves_count\": 443,\n  \"submit_endpoint\": \"https://ctf.
... [truncated 10315 bytes]
```[0m

[36m🔧 [Tool Call: host_read_file][0m
[2m```json
{
  "path": "/home/light/Workspace/CTF/CSS_CTF_Semester_2_2026/Cryptography/Chrono_I/script/agy.log",
  "max_bytes": 10000,
  "chat_id": "cw-20261001-Chrono_I-25c6f87e"
}
```[0m
[36m📤 [Tool Result][0m
[2m```json
{
  "ok": true,
  "path": "Workspace/CTF/CSS_CTF_Semester_2_2026/Cryptography/Chrono_I/script/agy.log",
  "content": "\u001b[34m🌐 [Search] ignore...\u001b[0m\n\n\u001b[36m🔧 [Tool Call: api_tool.list_resources]\u001b[0m\n\u001b[2m```json\n{\n  \"raw\": \"{\\\"paths\\\":[\\\"br\\\",\\\"skills://plugins/superpowers/using-superpowers/skill\"\n}\n```\u001b[0m\n\u001b[36m📤 [Tool Result]\u001b[0m\n\u001b[2mFound 17 tools; listed in the follow-up message.\u001b[0m\n\u001b[2m💭 [Thinking] Searched 26 webs
... [truncated 9556 bytes]
```[0m
[2m💭 [Thinking] Inspected Chrono files, logs, notes, metadata, and cipher solvers[0m

[36m🔧 [Tool Call: python][0m
[2m```json
{
  "raw": "ct=\"ESUITO{gwfvb_xejqnf_nimgt_b_whhrlv}\"\nkey=\"20260921143507\"\nout=\"\";j=0\nfor c in ct:\n    if c.isalpha():\n        shift=int(key[j%len(key)])\n        out+=chr((ord(c.upper())-65-shift)%26+65)\n        j+=1\n    else: out+=c\nout\n"
}
```[0m
[36m📤 [Tool Result][0m
[2m'CSSCTF{EVERY_SECOND_HIDES_A_SECRET}'[0m
[2m💭 [Thinking] Decrypted ciphertext using timestamp-based key shifts[0m
[2m⏱️ [Worked for 41s][0m
Solved ✅

**Ciphertext**
```
ESUITO{gwfvb_xejqnf_nimgt_b_whhrlv}
```

Clue:
> “The time is always the key to unlock it”

Use the timestamp as a numeric key:

```
2026/09/21 14:35:07
→ 20260921143507
```

The cipher is a digit-shift cipher (each digit is the Caesar shift amount). Decrypting each alphabetic character by the corresponding digit gives:

```
CSSCTF{EVERY_SECOND_HIDES_A_SECRET}
```

🏁 **Flag:**
```
CSSCTF{EVERY_SECOND_HIDES_A_SECRET}
```

[33m⚠️ [Turn Lifecycle: model_terminal][0m
[2mConversation pointer has been checkpointed for inspection or an explicit later resume.[0m

