[2026-09-17T10:31:53.553036+00:00] Daemon error/signal: Solver manager đang chạy trong workspace này.
/usr/bin/python3: Error while finding module specification for 'ctf_downloader.services.solver_daemon' (ModuleNotFoundError: No module named 'ctf_downloader')
[2026-09-17T10:45:32.642919+00:00] Daemon completed work for ids '2'. Total results: 1
[2026-09-17T12:18:53.306610+00:00] Daemon received signal 15. Stopping active workers.
[2026-09-17T12:18:53.338376+00:00] Daemon error/signal: Daemon stop requested via signal.
[2026-09-18T10:40:15.975360+00:00] Daemon completed work for ids '32'. Total results: 1
[2026-09-18T10:42:42.719978+00:00] Daemon completed work for ids '1'. Total results: 1
[2026-09-18T10:44:50.338574+00:00] Daemon received signal 15. Stopping active workers.
[2026-09-18T10:44:50.383364+00:00] Daemon error/signal: Daemon stop requested via signal.
[2026-09-18T11:05:32.785588+00:00] Daemon completed work for ids '32'. Total results: 1
[2026-09-18T11:35:36.980786+00:00] Daemon completed work for ids '1,2,3,4'. Total results: 4
[2026-09-18T13:48:24.246885+00:00] Daemon received signal 15. Stopping active workers.
[2026-09-18T13:48:24.291945+00:00] Daemon error/signal: Daemon stop requested via signal.
[2026-09-18T13:53:48.586088+00:00] Daemon received signal 15. Stopping active workers.
[2026-09-18T13:53:48.643489+00:00] Daemon error/signal: Daemon stop requested via signal.
[2026-09-18T13:54:44.384293+00:00] Daemon completed work for ids '1'. Total results: 1
[2026-09-18T13:55:56.456441+00:00] Daemon received signal 15. Stopping active workers.
[2026-09-18T13:55:56.522379+00:00] Daemon error/signal: Daemon stop requested via signal.
[2026-09-18T13:58:05.333467+00:00] Daemon received signal 15. Stopping active workers.
[2026-09-18T13:58:05.424088+00:00] Daemon error/signal: Daemon stop requested via signal.
