[3768793:3768793:0925/142116.805593:ERROR:ui/gl/angle_platform_impl.cc:48] Display.cpp:1136 (initialize): ANGLE Display::initialize error 0: Internal Vulkan error (-3): Initialization of an object could not be completed for implementation-specific reasons, in ../../third_party/angle/src/libANGLE/renderer/vulkan/vk_renderer.cpp, initialize:2484.
ERR: Display.cpp:1136 (initialize): ANGLE Display::initialize error 0: Internal Vulkan error (-3): Initialization of an object could not be completed for implementation-specific reasons, in ../../third_party/angle/src/libANGLE/renderer/vulkan/vk_renderer.cpp, initialize:2484.
[3768793:3768793:0925/142116.805825:ERROR:ui/gl/egl_util.cc:92] EGL Driver message (Critical) eglInitialize: Internal Vulkan error (-3): Initialization of an object could not be completed for implementation-specific reasons, in ../../third_party/angle/src/libANGLE/renderer/vulkan/vk_renderer.cpp, initialize:2484.
[3768793:3768793:0925/142116.805981:ERROR:ui/gl/gl_display.cc:630] eglInitialize SwANGLE failed with error EGL_NOT_INITIALIZED
[3768793:3768793:0925/142116.806004:ERROR:ui/gl/gl_display.cc:665] Initialization of all (1) EGL display types failed.
[3768793:3768793:0925/142116.806028:ERROR:ui/ozone/common/gl_ozone_egl.cc:26] GLDisplayEGL::Initialize failed.
[3768793:3768793:0925/142116.806425:ERROR:ui/gl/angle_platform_impl.cc:48] Display.cpp:1136 (initialize): ANGLE Display::initialize error 0: Internal Vulkan error (-3): Initialization of an object could not be completed for implementation-specific reasons, in ../../third_party/angle/src/libANGLE/renderer/vulkan/vk_renderer.cpp, initialize:2484.
ERR: Display.cpp:1136 (initialize): ANGLE Display::initialize error 0: Internal Vulkan error (-3): Initialization of an object could not be completed for implementation-specific reasons, in ../../third_party/angle/src/libANGLE/renderer/vulkan/vk_renderer.cpp, initialize:2484.
[3768793:3768793:0925/142116.806463:ERROR:ui/gl/egl_util.cc:92] EGL Driver message (Critical) eglInitialize: Internal Vulkan error (-3): Initialization of an object could not be completed for implementation-specific reasons, in ../../third_party/angle/src/libANGLE/renderer/vulkan/vk_renderer.cpp, initialize:2484.
[3768793:3768793:0925/142116.806479:ERROR:ui/gl/gl_display.cc:630] eglInitialize SwANGLE failed with error EGL_NOT_INITIALIZED
[3768793:3768793:0925/142116.806497:ERROR:ui/gl/gl_display.cc:665] Initialization of all (1) EGL display types failed.
[3768793:3768793:0925/142116.807167:ERROR:ui/ozone/common/gl_ozone_egl.cc:26] GLDisplayEGL::Initialize failed.
[3768793:3768793:0925/142116.808757:ERROR:components/viz/service/main/viz_main_impl.cc:190] Exiting GPU process due to errors during initialization
[3768744:3768744:0925/142116.833539:WARNING:chrome/browser/signin/account_consistency_mode_manager.cc:74] Desktop Identity Consistency cannot be enabled as no OAuth client ID and client secret have been configured.
[3768830:3768830:0925/142116.856780:ERROR:ui/gl/angle_platform_impl.cc:48] Display.cpp:1136 (initialize): ANGLE Display::initialize error 0: Internal Vulkan error (-3): Initialization of an object could not be completed for implementation-specific reasons, in ../../third_party/angle/src/libANGLE/renderer/vulkan/vk_renderer.cpp, initialize:2484.
ERR: Display.cpp:1136 (initialize): ANGLE Display::initialize error 0: Internal Vulkan error (-3): Initialization of an object could not be completed for implementation-specific reasons, in ../../third_party/angle/src/libANGLE/renderer/vulkan/vk_renderer.cpp, initialize:2484.
[3768830:3768830:0925/142116.856888:ERROR:ui/gl/egl_util.cc:92] EGL Driver message (Critical) eglInitialize: Internal Vulkan error (-3): Initialization of an object could not be completed for implementation-specific reasons, in ../../third_party/angle/src/libANGLE/renderer/vulkan/vk_renderer.cpp, initialize:2484.
[3768830:3768830:0925/142116.856925:ERROR:ui/gl/gl_display.cc:630] eglInitialize SwANGLE failed with error EGL_NOT_INITIALIZED
[3768830:3768830:0925/142116.856956:ERROR:ui/gl/gl_display.cc:665] Initialization of all (1) EGL display types failed.
[3768830:3768830:0925/142116.857004:ERROR:ui/ozone/common/gl_ozone_egl.cc:26] GLDisplayEGL::Initialize failed.
[3768830:3768830:0925/142116.857436:ERROR:ui/gl/angle_platform_impl.cc:48] Display.cpp:1136 (initialize): ANGLE Display::initialize error 0: Internal Vulkan error (-3): Initialization of an object could not be completed for implementation-specific reasons, in ../../third_party/angle/src/libANGLE/renderer/vulkan/vk_renderer.cpp, initialize:2484.
ERR: Display.cpp:1136 (initialize): ANGLE Display::initialize error 0: Internal Vulkan error (-3): Initialization of an object could not be completed for implementation-specific reasons, in ../../third_party/angle/src/libANGLE/renderer/vulkan/vk_renderer.cpp, initialize:2484.
[3768830:3768830:0925/142116.857501:ERROR:ui/gl/egl_util.cc:92] EGL Driver message (Critical) eglInitialize: Internal Vulkan error (-3): Initialization of an object could not be completed for implementation-specific reasons, in ../../third_party/angle/src/libANGLE/renderer/vulkan/vk_renderer.cpp, initialize:2484.
[3768830:3768830:0925/142116.857536:ERROR:ui/gl/gl_display.cc:630] eglInitialize SwANGLE failed with error EGL_NOT_INITIALIZED
[3768830:3768830:0925/142116.857569:ERROR:ui/gl/gl_display.cc:665] Initialization of all (1) EGL display types failed.
[3768830:3768830:0925/142116.857605:ERROR:ui/ozone/common/gl_ozone_egl.cc:26] GLDisplayEGL::Initialize failed.
[3768830:3768830:0925/142116.859189:ERROR:components/viz/service/main/viz_main_impl.cc:190] Exiting GPU process due to errors during initialization
[3768849:3768849:0925/142116.884168:WARNING:content/child/runtime_features.cc:522] AttributionReporting cannot be enabled in this configuration. Use --enable-features=ConversionMeasurement in addition.
[3768744:3768744:0925/142116.918345:WARNING:ui/aura/window.cc:1464] StackChildLayerRelativeTo called with unmanaged layer(s). child=WebContentsViewAura child_managed=0 target=WebContentsViewAura target_managed=0
[3768744:3768744:0925/142116.918405:WARNING:ui/aura/window.cc:1464] StackChildLayerRelativeTo called with unmanaged layer(s). child=WebContentsViewAura child_managed=0 target=WebContentsViewAura target_managed=0
[3768872:3768872:0925/142116.920828:WARNING:content/child/runtime_features.cc:522] AttributionReporting cannot be enabled in this configuration. Use --enable-features=ConversionMeasurement in addition.
[3768871:3768871:0925/142116.922067:WARNING:content/child/runtime_features.cc:522] AttributionReporting cannot be enabled in this configuration. Use --enable-features=ConversionMeasurement in addition.
[3768892:3768892:0925/142116.938397:ERROR:ui/gl/angle_platform_impl.cc:48] Display.cpp:1136 (initialize): ANGLE Display::initialize error 0: Internal Vulkan error (-3): Initialization of an object could not be completed for implementation-specific reasons, in ../../third_party/angle/src/libANGLE/renderer/vulkan/vk_renderer.cpp, initialize:2484.
ERR: Display.cpp:1136 (initialize): ANGLE Display::initialize error 0: Internal Vulkan error (-3): Initialization of an object could not be completed for implementation-specific reasons, in ../../third_party/angle/src/libANGLE/renderer/vulkan/vk_renderer.cpp, initialize:2484.
[3768892:3768892:0925/142116.938498:ERROR:ui/gl/egl_util.cc:92] EGL Driver message (Critical) eglInitialize: Internal Vulkan error (-3): Initialization of an object could not be completed for implementation-specific reasons, in ../../third_party/angle/src/libANGLE/renderer/vulkan/vk_renderer.cpp, initialize:2484.
[3768892:3768892:0925/142116.938547:ERROR:ui/gl/gl_display.cc:630] eglInitialize SwANGLE failed with error EGL_NOT_INITIALIZED
[3768892:3768892:0925/142116.938575:ERROR:ui/gl/gl_display.cc:665] Initialization of all (1) EGL display types failed.
[3768892:3768892:0925/142116.938600:ERROR:ui/ozone/common/gl_ozone_egl.cc:26] GLDisplayEGL::Initialize failed.
[3768892:3768892:0925/142116.939015:ERROR:ui/gl/angle_platform_impl.cc:48] Display.cpp:1136 (initialize): ANGLE Display::initialize error 0: Internal Vulkan error (-3): Initialization of an object could not be completed for implementation-specific reasons, in ../../third_party/angle/src/libANGLE/renderer/vulkan/vk_renderer.cpp, initialize:2484.
ERR: Display.cpp:1136 (initialize): ANGLE Display::initialize error 0: Internal Vulkan error (-3): Initialization of an object could not be completed for implementation-specific reasons, in ../../third_party/angle/src/libANGLE/renderer/vulkan/vk_renderer.cpp, initialize:2484.
[3768892:3768892:0925/142116.939080:ERROR:ui/gl/egl_util.cc:92] EGL Driver message (Critical) eglInitialize: Internal Vulkan error (-3): Initialization of an object could not be completed for implementation-specific reasons, in ../../third_party/angle/src/libANGLE/renderer/vulkan/vk_renderer.cpp, initialize:2484.
[3768892:3768892:0925/142116.939110:ERROR:ui/gl/gl_display.cc:630] eglInitialize SwANGLE failed with error EGL_NOT_INITIALIZED
[3768892:3768892:0925/142116.939143:ERROR:ui/gl/gl_display.cc:665] Initialization of all (1) EGL display types failed.
[3768892:3768892:0925/142116.939176:ERROR:ui/ozone/common/gl_ozone_egl.cc:26] GLDisplayEGL::Initialize failed.
[3768892:3768892:0925/142116.941304:ERROR:components/viz/service/main/viz_main_impl.cc:190] Exiting GPU process due to errors during initialization
---------------------------------------------------
Begin compiling method mojo.internal.StructField using Maglev
---------------------------------------------------
Finished compiling method mojo.internal.StructField using Maglev
[3768905:3768905:0925/142116.957599:ERROR:ui/gl/angle_platform_impl.cc:48] Display.cpp:1136 (initialize): ANGLE Display::initialize error 0: Internal Vulkan error (-3): Initialization of an object could not be completed for implementation-specific reasons, in ../../third_party/angle/src/libANGLE/renderer/vulkan/vk_renderer.cpp, initialize:2484.
ERR: Display.cpp:1136 (initialize): ANGLE Display::initialize error 0: Internal Vulkan error (-3): Initialization of an object could not be completed for implementation-specific reasons, in ../../third_party/angle/src/libANGLE/renderer/vulkan/vk_renderer.cpp, initialize:2484.
[3768905:3768905:0925/142116.957734:ERROR:ui/gl/egl_util.cc:92] EGL Driver message (Critical) eglInitialize: Internal Vulkan error (-3): Initialization of an object could not be completed for implementation-specific reasons, in ../../third_party/angle/src/libANGLE/renderer/vulkan/vk_renderer.cpp, initialize:2484.
[3768905:3768905:0925/142116.957800:ERROR:ui/gl/gl_display.cc:630] eglInitialize SwANGLE failed with error EGL_NOT_INITIALIZED
[3768905:3768905:0925/142116.957869:ERROR:ui/gl/gl_display.cc:665] Initialization of all (1) EGL display types failed.
[3768905:3768905:0925/142116.957942:ERROR:ui/ozone/common/gl_ozone_egl.cc:26] GLDisplayEGL::Initialize failed.
[3768905:3768905:0925/142116.958583:ERROR:ui/gl/angle_platform_impl.cc:48] Display.cpp:1136 (initialize): ANGLE Display::initialize error 0: Internal Vulkan error (-3): Initialization of an object could not be completed for implementation-specific reasons, in ../../third_party/angle/src/libANGLE/renderer/vulkan/vk_renderer.cpp, initialize:2484.
ERR: Display.cpp:1136 (initialize): ANGLE Display::initialize error 0: Internal Vulkan error (-3): Initialization of an object could not be completed for implementation-specific reasons, in ../../third_party/angle/src/libANGLE/renderer/vulkan/vk_renderer.cpp, initialize:2484.
[3768905:3768905:0925/142116.958680:ERROR:ui/gl/egl_util.cc:92] EGL Driver message (Critical) eglInitialize: Internal Vulkan error (-3): Initialization of an object could not be completed for implementation-specific reasons, in ../../third_party/angle/src/libANGLE/renderer/vulkan/vk_renderer.cpp, initialize:2484.
[3768905:3768905:0925/142116.958725:ERROR:ui/gl/gl_display.cc:630] eglInitialize SwANGLE failed with error EGL_NOT_INITIALIZED
[3768905:3768905:0925/142116.958766:ERROR:ui/gl/gl_display.cc:665] Initialization of all (1) EGL display types failed.
[3768905:3768905:0925/142116.958813:ERROR:ui/ozone/common/gl_ozone_egl.cc:26] GLDisplayEGL::Initialize failed.
[3768744:3768744:0925/142116.959154:WARNING:components/dbus/xdg/portal.cc:126] Failed to register with org.freedesktop.host.portal.Registry
[3768905:3768905:0925/142116.961495:ERROR:components/viz/service/main/viz_main_impl.cc:190] Exiting GPU process due to errors during initialization
[3768917:3768917:0925/142116.970014:WARNING:media/gpu/vaapi/vaapi_wrapper.cc:130] Should skip nVidia device named: nvidia-drm
[3768914:3768914:0925/142116.970810:WARNING:content/child/runtime_features.cc:522] AttributionReporting cannot be enabled in this configuration. Use --enable-features=ConversionMeasurement in addition.
[3768917:3768917:0925/142116.972136:WARNING:sandbox/policy/linux/sandbox_linux.cc:405] InitializeSandbox() called with multiple threads in process gpu-process.
---------------------------------------------------
Begin compiling method trigger using Maglev
---------------------------------------------------
Begin compiling method  using Maglev
---------------------------------------------------
Finished compiling method  using Maglev
[3768744:3768744:0925/142117.036179:INFO:CONSOLE:31] "warmup complete", source: http://127.0.0.1:8000/test_param_loop.html (31)
---------------------------------------------------
Begin compiling method mojo.internal.StructField using Maglev
---------------------------------------------------
Finished compiling method mojo.internal.StructField using Maglev
---------------------------------------------------
Begin compiling method d$1 using Maglev
---------------------------------------------------
Finished compiling method d$1 using Maglev
---------------------------------------------------
Begin compiling method _$Eu using Maglev
---------------------------------------------------
Finished compiling method _$Eu using Maglev
---------------------------------------------------
Begin compiling method c$2 using Maglev
---------------------------------------------------
Finished compiling method c$2 using Maglev
---------------------------------------------------
Begin compiling method d$1 using Maglev
---------------------------------------------------
Finished compiling method d$1 using Maglev
---------------------------------------------------
Begin compiling method mojo.internal.StructField using Maglev
---------------------------------------------------
Finished compiling method mojo.internal.StructField using Maglev
---------------------------------------------------
Begin compiling method _$Eu using Maglev
---------------------------------------------------
Finished compiling method _$Eu using Maglev
---------------------------------------------------
Begin compiling method c$2 using Maglev
---------------------------------------------------
Finished compiling method c$2 using Maglev
---------------------------------------------------
Begin compiling method getUint32 using Maglev
---------------------------------------------------
Finished compiling method getUint32 using Maglev
---------------------------------------------------
Finished compiling method trigger using Maglev
[3768744:3768744:0925/142119.043184:INFO:CONSOLE:36] "result number 2.2 victim0 object [object Object]", source: http://127.0.0.1:8000/test_param_loop.html (36)
[3769268:3769268:0925/142119.089356:WARNING:content/child/runtime_features.cc:522] AttributionReporting cannot be enabled in this configuration. Use --enable-features=ConversionMeasurement in addition.
[3768744:3768769:0925/142119.867218:ERROR:google_apis/gcm/engine/registration_request.cc:291] Registration response error message: PHONE_REGISTRATION_ERROR
[3768744:3768769:0925/142119.933904:ERROR:google_apis/gcm/engine/registration_request.cc:291] Registration response error message: PHONE_REGISTRATION_ERROR
[3768744:3768769:0925/142119.934458:ERROR:google_apis/gcm/engine/registration_request.cc:291] Registration response error message: PHONE_REGISTRATION_ERROR
[3768744:3768769:0925/142120.861369:ERROR:google_apis/gcm/engine/mcs_client.cc:702]   Error code: 401  Error message: Authentication Failed: wrong_secret
[3768744:3768769:0925/142120.861397:ERROR:google_apis/gcm/engine/mcs_client.cc:704] Failed to log in to GCM, resetting connection.
