08/23/26 16:01:46, =====================================
08/23/26 16:01:46, System/Build Info: 
08/23/26 16:01:46, detected 12th Gen Intel(R) Core(TM) i5-12450HX
detected L1 = 49152 bytes, L2 = 12582912 bytes, CL = 64 bytes
08/23/26 16:01:46, CPU features enabled: 08/23/26 16:01:46, 
08/23/26 16:01:46, using 1 random witness for Rabin-Miller PRP checks
08/23/26 16:01:46, Cached 664579 primes: max prime is 9999991
08/23/26 16:01:46, Could not parse yafu.ini from /home/light/Workspace/CTF/PTIT_CTF_2026/Crypto/CIA_-_What_does_'I'_stand_for

08/23/26 16:01:46, Random seed: 4511093241746723548
08/23/26 16:01:46, Processing   : factor(803855454786320296632238674906141081938111250236884983107257253200573075747010995897)
08/23/26 16:02:34, Factorization: 803855454786320296632238674906141081938111250236884983107257253200573075747010995897=817351164800080248007393188134421407477753*983488480111163810066445994341369866362049
08/23/26 16:02:34, Result       : 1
08/23/26 16:02:34, =====================================
08/23/26 16:02:34, System/Build Info: 
08/23/26 16:02:34, detected 12th Gen Intel(R) Core(TM) i5-12450HX
detected L1 = 49152 bytes, L2 = 12582912 bytes, CL = 64 bytes
08/23/26 16:02:34, CPU features enabled: 08/23/26 16:02:34, 
08/23/26 16:02:34, using 1 random witness for Rabin-Miller PRP checks
08/23/26 16:02:34, Cached 664579 primes: max prime is 9999991
08/23/26 16:02:34, Could not parse yafu.ini from /home/light/Workspace/CTF/PTIT_CTF_2026/Crypto/CIA_-_What_does_'I'_stand_for

08/23/26 16:02:34, Random seed: 13375755446924492509
08/23/26 16:02:34, Processing   : factor(1374897230920489386987957111300125246071865030443987463188362271527034943605714958641)
08/23/26 16:03:14, Factorization: 1374897230920489386987957111300125246071865030443987463188362271527034943605714958641=1138815440563797106067653819329702423531139*1207304697449320227361991168269579532553019
08/23/26 16:03:14, Result       : 1
08/23/26 16:03:14, =====================================
08/23/26 16:03:14, System/Build Info: 
08/23/26 16:03:14, detected 12th Gen Intel(R) Core(TM) i5-12450HX
detected L1 = 32768 bytes, L2 = 12582912 bytes, CL = 64 bytes
08/23/26 16:03:14, CPU features enabled: 08/23/26 16:03:14, 
08/23/26 16:03:14, using 1 random witness for Rabin-Miller PRP checks
08/23/26 16:03:14, Cached 664579 primes: max prime is 9999991
08/23/26 16:03:14, Could not parse yafu.ini from /home/light/Workspace/CTF/PTIT_CTF_2026/Crypto/CIA_-_What_does_'I'_stand_for

08/23/26 16:03:14, Random seed: 16699102045331475002
08/23/26 16:03:14, Processing   : factor(568864255617218463757762331562162938196758766213517971897386306909128571711714362993)
08/23/26 16:03:57, Factorization: 568864255617218463757762331562162938196758766213517971897386306909128571711714362993=741668730148497598863397042740110962492789*767005851120782639106478060835468317348237
08/23/26 16:03:57, Result       : 1
08/23/26 16:08:19, =====================================
08/23/26 16:08:19, System/Build Info: 
08/23/26 16:08:19, detected 12th Gen Intel(R) Core(TM) i5-12450HX
detected L1 = 49152 bytes, L2 = 12582912 bytes, CL = 64 bytes
08/23/26 16:08:19, CPU features enabled: 08/23/26 16:08:19, 
08/23/26 16:08:19, using 1 random witness for Rabin-Miller PRP checks
08/23/26 16:08:19, Cached 664579 primes: max prime is 9999991
08/23/26 16:08:19, Could not parse yafu.ini from /home/light/Workspace/CTF/PTIT_CTF_2026/Crypto/CIA_-_What_does_'I'_stand_for

08/23/26 16:08:19, Random seed: 10037536939447665782
08/23/26 16:09:20, =====================================
08/23/26 16:09:20, System/Build Info: 
08/23/26 16:09:20, detected 12th Gen Intel(R) Core(TM) i5-12450HX
detected L1 = 32768 bytes, L2 = 12582912 bytes, CL = 64 bytes
08/23/26 16:09:20, CPU features enabled: 08/23/26 16:09:20, 
08/23/26 16:09:20, using 1 random witness for Rabin-Miller PRP checks
08/23/26 16:09:20, Cached 664579 primes: max prime is 9999991
08/23/26 16:09:20, Could not parse yafu.ini from /home/light/Workspace/CTF/PTIT_CTF_2026/Crypto/CIA_-_What_does_'I'_stand_for

08/23/26 16:09:20, Random seed: 6933597481358043880
08/23/26 16:09:43, =====================================
08/23/26 16:09:43, System/Build Info: 
08/23/26 16:09:43, detected 12th Gen Intel(R) Core(TM) i5-12450HX
detected L1 = 32768 bytes, L2 = 12582912 bytes, CL = 64 bytes
08/23/26 16:09:43, CPU features enabled: 08/23/26 16:09:43, 
08/23/26 16:09:43, using 1 random witness for Rabin-Miller PRP checks
08/23/26 16:09:43, Cached 664579 primes: max prime is 9999991
08/23/26 16:09:43, Could not parse yafu.ini from /home/light/Workspace/CTF/PTIT_CTF_2026/Crypto/CIA_-_What_does_'I'_stand_for

08/23/26 16:09:43, Random seed: 105845323195205605
