Sun Aug 23 15:56:10 2026  
Sun Aug 23 15:56:10 2026  
Sun Aug 23 15:56:10 2026  Msieve v. 1.46
Sun Aug 23 15:56:10 2026  random seeds: c1f0261a 7fd84639
Sun Aug 23 15:56:10 2026  factoring 809202123321579685401617788106445594231775612578151779805866771945418402394099133599 (84 digits)
Sun Aug 23 15:56:10 2026  no P-1/P+1/ECM available, skipping
Sun Aug 23 15:56:10 2026  commencing quadratic sieve (84-digit input)
Sun Aug 23 15:56:10 2026  using multiplier of 31
Sun Aug 23 15:56:10 2026  using 32kb Intel Core sieve core
Sun Aug 23 15:56:10 2026  sieve interval: 12 blocks of size 32768
Sun Aug 23 15:56:10 2026  processing polynomials in batches of 17
Sun Aug 23 15:56:10 2026  using a sieve bound of 1406159 (53824 primes)
Sun Aug 23 15:56:10 2026  using large prime bound of 119523515 (26 bits)
Sun Aug 23 15:56:10 2026  using double large prime bound of 346270858165410 (41-49 bits)
Sun Aug 23 15:56:10 2026  using trial factoring cutoff of 49 bits
Sun Aug 23 15:56:10 2026  polynomial 'A' values have 11 factors
Sun Aug 23 15:58:03 2026  
Sun Aug 23 15:58:03 2026  
Sun Aug 23 15:58:03 2026  Msieve v. 1.46
Sun Aug 23 15:58:03 2026  random seeds: 5d65aaf3 cfdd21db
Sun Aug 23 15:58:03 2026  factoring 809202123321579685401617788106445594231775612578151779805866771945418402394099133599 (84 digits)
Sun Aug 23 15:58:03 2026  searching for 15-digit factors
Sun Aug 23 15:58:03 2026  searching for 20-digit factors
Sun Aug 23 15:58:04 2026  commencing quadratic sieve (84-digit input)
Sun Aug 23 15:58:04 2026  using multiplier of 31
Sun Aug 23 15:58:04 2026  using 32kb Intel Core sieve core
Sun Aug 23 15:58:04 2026  sieve interval: 12 blocks of size 32768
Sun Aug 23 15:58:04 2026  processing polynomials in batches of 17
Sun Aug 23 15:58:04 2026  using a sieve bound of 1406159 (53824 primes)
Sun Aug 23 15:58:04 2026  using large prime bound of 119523515 (26 bits)
Sun Aug 23 15:58:04 2026  using double large prime bound of 346270858165410 (41-49 bits)
Sun Aug 23 15:58:04 2026  using trial factoring cutoff of 49 bits
Sun Aug 23 15:58:04 2026  polynomial 'A' values have 11 factors
Sun Aug 23 15:58:04 2026  restarting with 1295 full and 46758 partial relations
